Engine-Match Monday, 11 May 2026 20:51:26
 Tournament Game in 5 Minutes 

Pairing 1/1 :    Oreo1.12.2  -  AnMon 5.75

PGN-File: C:\Users\Angad\Downloads\arena_3.5.1\Arena.pgn

No:  B/W 1/2     W:B       1:2           Time        Value Moves Dep 1:2       1-2-Draws
   1 = =    0.5:0.5        0.5:0.5       22:37:45     0.00    45 0:0 0-0-1
   2 = =    1.0:1.0        1.0:1.0       22:40:23     0.00     8 0:0 0-0-2
   3 = =    1.5:1.5        1.5:1.5       22:40:42     0.00     1 0:0 0-0-3
   4 B 1    2.5:1.5        2.5:1.5       22:50:35     0.00    56 0:0 1-0-3
   5 = =    3.0:2.0        3.0:2.0       22:58:10     0.00    38 0:0 1-0-4
   6 = =    3.5:2.5        3.5:2.5       23:06:41     0.00    53 0:0 1-0-5
   7 = =    4.0:3.0        4.0:3.0       23:12:26     0.00    23 0:0 1-0-6
   8 B 1    5.0:3.0        5.0:3.0       23:22:04     0.00    45 0:0 2-0-6
   1 = =    0.5:0.5        0.5:0.5       19:45:18     0.00    17 0:0 0-0-1
   2 = =    1.0:1.0        1.0:1.0       19:49:16     0.00    28 0:0 0-0-2
   3 = =    1.5:1.5        1.5:1.5       19:53:52     0.00    38 0:0 0-0-3
   4 = =    2.0:2.0        2.0:2.0       19:57:20     0.00    24 0:0 0-0-4
   5 = =    2.5:2.5        2.5:2.5       20:01:07     0.00    27 0:0 0-0-5
   6 = =    3.0:3.0        3.0:3.0       20:05:41     0.00    33 0:0 0-0-6
   7 = =    3.5:3.5        3.5:3.5       20:10:51     0.00    56 0:0 0-0-7
   8 = =    4.0:4.0        4.0:4.0       20:15:36     0.00    34 0:0 0-0-8
   9 = =    4.5:4.5        4.5:4.5       20:19:59     0.00    30 0:0 0-0-9
  10 W 2    5.5:4.5        4.5:5.5       20:24:42     0.00    34 0:0 0-1-9
   1 = =    0.5:0.5        0.5:0.5       22:31:41     0.00    45 0:0 0-0-1
   2 * *     0.5:0.5        0.5:0.5       22:31:53     0.00     0 0:0 0-0-1
   1 = =    0.5:0.5        0.5:0.5       22:48:10     0.00    25 0:0 0-0-1
   2 * *     0.5:0.5        0.5:0.5       22:48:49     0.00     3 0:0 0-0-1
   1 W 1    1.0:0.0        1.0:0.0       23:16:09     0.00    37 0:0 1-0-0
   2 * *     1.0:0.0        1.0:0.0       23:16:21     0.00     0 0:0 1-0-0
   1 B 2    1.0:0.0        0.0:1.0       10:57:55     0.00    33 0:0 0-1-0
   2 = =    1.5:0.5        0.5:1.5       11:01:35     0.00   103 0:0 0-1-1
   3 W 1    2.5:0.5        1.5:1.5       11:04:29     0.00    44 0:0 1-1-1
   1 B 2    1.0:0.0        0.0:1.0       11:55:43     0.00    35 0:0 0-1-0
   2 B 1    2.0:0.0        1.0:1.0       11:59:39     0.00    35 0:0 1-1-0
   3 * *     2.0:0.0        1.0:1.0       12:00:58     0.00     6 0:0 1-1-0

--------------------------------------------------------------

Engine-Match Wednesday, 13 May 2026 12:22:09
 Tournament Game in 3 Minutes 

Pairing 1/1 :    Oreo1.12.2  -  Oreo1.14.0.1

PGN-File: C:\Users\Angad\Documents\Uni\FIT1045\OnTrack Tasks\H\H2\Tournaments\Tournmaent 8 1.12.2 vs 1.14.0.1\Game Logs.pgn

No:  B/W 1/2     W:B       1:2           Time        Value Moves Dep 1:2       1-2-Draws
   1 * *     0.0:0.0        0.0:0.0       12:25:17     0.00    69 0:0 0-0-0
   1 * *     0.0:0.0        0.0:0.0       12:34:53     0.00     9 0:0 0-0-0
   1 W 1    1.0:0.0        1.0:0.0       12:49:25     0.00    18 0:0 1-0-0
   2 = =    1.5:0.5        1.5:0.5       12:53:18     0.00    67 0:0 1-0-1
   1 W 1    1.0:0.0        1.0:0.0       13:06:19     0.00    19 0:0 1-0-0
   2 = =    1.5:0.5        1.5:0.5       13:07:56     0.00    13 0:0 1-0-1
   3 * *     1.5:0.5        1.5:0.5       13:08:08     0.00     1 0:0 1-0-1
   1 * *     0.0:0.0        0.0:0.0       13:20:46     0.00     2 0:0 0-0-0
   1 * *     0.0:0.0        0.0:0.0       13:29:51     0.00     1 0:0 0-0-0

--------------------------------------------------------------

Engine-Match Wednesday, 13 May 2026 13:31:19
 Tournament Game in 3 Minutes 

Pairing 1/1 :    Oreo1.12.2  -  Oreo1.14.0.2d

PGN-File: C:\Users\Angad\Documents\Uni\FIT1045\OnTrack Tasks\H\H2\Tournaments\Tournament 13 1.12.2 vs 1.14.0.2d\Game Logs.pgn

No:  B/W 1/2     W:B       1:2           Time        Value Moves Dep 1:2       1-2-Draws
   1 * *     0.0:0.0        0.0:0.0       13:32:23     0.00     8 0:0 0-0-0
   1 * *     0.0:0.0        0.0:0.0       13:37:27     0.00     9 0:0 0-0-0
   1 W 1    1.0:0.0        1.0:0.0       13:41:58     0.00    13 0:0 1-0-0
   2 * *     1.0:0.0        1.0:0.0       13:42:35     0.00     3 0:0 1-0-0
   2 * *     0.0:0.0        1.0:0.0       13:45:34     0.00    11 0:0 1-0-0
   1 W 1    1.0:0.0        1.0:0.0       13:51:02     0.00    13 0:0 1-0-0
   2 * *     1.0:0.0        1.0:0.0       13:52:55     0.00     8 0:0 1-0-0
   1 * *     0.0:0.0        0.0:0.0       15:14:48     0.00     4 0:0 0-0-0

--------------------------------------------------------------

Engine-Match Wednesday, 13 May 2026 15:19:12
 Tournament Game in 3 Minutes 

Pairing 1/1 :    Oreo1.12.2  -  Oreo1.14.0.2idebug

PGN-File: C:\Users\Angad\Documents\Uni\FIT1045\OnTrack Tasks\H\H2\Tournaments\Tournmanet 17 1.12.2 vs 1.14.0.2hdebug\Game Logs.pgn

No:  B/W 1/2     W:B       1:2           Time        Value Moves Dep 1:2       1-2-Draws
   1 * *     0.0:0.0        0.0:0.0       15:19:17     0.00     0 0:0 0-0-0
   1 * *     0.0:0.0        0.0:0.0       15:26:27     0.00    45 0:0 0-0-0
   1 * *     0.0:0.0        0.0:0.0       15:32:17     0.00    26 0:0 0-0-0
   1 B 2    1.0:0.0        0.0:1.0       15:38:49     0.00    37 0:0 0-1-0
   2 = =    1.5:0.5        0.5:1.5       15:43:54     0.00    35 0:0 0-1-1
   3 = =    2.0:1.0        1.0:2.0       15:49:36     0.00    44 0:0 0-1-2
   1 B 2    1.0:0.0        0.0:1.0       16:00:12     0.00    25 0:0 0-1-0
   2 W 2    2.0:0.0        0.0:2.0       16:03:10     0.00    17 0:0 0-2-0
   3 B 2    3.0:0.0        0.0:3.0       16:07:12     0.00    24 0:0 0-3-0
   1 B 2    1.0:0.0        0.0:1.0       16:54:38     0.00    25 0:0 0-1-0
   2 W 2    2.0:0.0        0.0:2.0       16:57:24     0.00    17 0:0 0-2-0
   3 B 2    3.0:0.0        0.0:3.0       17:01:34     0.00    28 0:0 0-3-0
   4 W 2    4.0:0.0        0.0:4.0       17:05:23     0.00    25 0:0 0-4-0
   5 B 2    5.0:0.0        0.0:5.0       17:09:29     0.00    26 0:0 0-5-0
   6 W 2    6.0:0.0        0.0:6.0       17:13:02     0.00    24 0:0 0-6-0
   7 B 2    7.0:0.0        0.0:7.0       17:17:15     0.00    26 0:0 0-7-0
   1 = =    0.5:0.5        0.5:0.5       18:32:28     0.00    16 0:0 0-0-1
   2 W 2    1.5:0.5        0.5:1.5       18:38:36     0.00    61 0:0 0-1-1
   3 = =    2.0:1.0        1.0:2.0       18:41:38     0.00    16 0:0 0-1-2
   1 * *     0.0:0.0        0.0:0.0       19:34:00     0.00     1 0:0 0-0-0
   1 = =    0.5:0.5        0.5:0.5       19:37:13     0.00    16 0:0 0-0-1
   2 * *     0.5:0.5        0.5:0.5       19:37:48     0.00     3 0:0 0-0-1
   2 = =    0.5:0.5        0.5:0.5       19:44:59     0.00    40 0:0 0-0-1
   2 = =    1.0:1.0        1.0:1.0       19:51:13     0.00    70 0:0 0-0-2
   3 * *     1.0:1.0        1.0:1.0       19:51:25     0.00     1 0:0 0-0-2
   1 = =    0.5:0.5        0.5:0.5       20:06:04     0.00    73 0:0 0-0-1
   2 W 2    1.5:0.5        0.5:1.5       20:11:47     0.00    53 0:0 0-1-1
   3 = =    2.0:1.0        1.0:2.0       20:18:26     0.00   116 0:0 0-1-2
   4 = =    2.5:1.5        1.5:2.5       20:23:59     0.00    50 0:0 0-1-3
   5 = =    3.0:2.0        2.0:3.0       20:30:31     0.00   100 0:0 0-1-4
   6 W 2    4.0:2.0        2.0:4.0       20:36:17     0.00    52 0:0 0-2-4
   7 = =    4.5:2.5        2.5:4.5       20:42:31     0.00    71 0:0 0-2-5
   1 B 2    1.0:0.0        0.0:1.0       21:21:24     0.00    73 0:0 0-1-0
   2 B 1    2.0:0.0        1.0:1.0       21:27:22     0.00    65 0:0 1-1-0
   3 = =    2.5:0.5        1.5:1.5       21:32:32     0.00    43 0:0 1-1-1
   1 B 2    1.0:0.0        0.0:1.0       21:45:56     0.00    45 0:0 0-1-0
   2 = =    1.5:0.5        0.5:1.5       21:51:56     0.00    66 0:0 0-1-1
   3 B 2    2.5:0.5        0.5:2.5       21:56:09     0.00    30 0:0 0-2-1
   4 B 1    1.5:0.5        1.5:2.5       22:05:47     0.00    44 0:0 1-2-1
   5 = =    2.0:1.0        2.0:3.0       22:11:44     0.00    64 0:0 1-2-2
   6 W 2    3.0:1.0        2.0:4.0       22:16:48     0.00    43 0:0 1-3-2
   7 W 1    4.0:1.0        3.0:4.0       22:22:46     0.00    68 0:0 2-3-2
   8 * *     4.0:1.0        3.0:4.0       22:25:23     0.00    13 0:0 2-3-2
   2 = =    1.5:0.5        1.5:0.5       22:40:41     0.00    57 0:0 1-0-1
   3 = =    2.0:1.0        2.0:1.0       22:46:42     0.00    69 0:0 1-0-2
   4 = =    2.5:1.5        2.5:1.5       22:51:52     0.00    39 0:0 1-0-3
   5 = =    3.0:2.0        3.0:2.0       22:57:00     0.00    42 0:0 1-0-4
   6 = =    3.5:2.5        3.5:2.5       23:02:59     0.00    67 0:0 1-0-5
   1 W 1    1.0:0.0        1.0:0.0       10:04:55      +M1    39 23.529 :0 1-0-0
   2 * *     1.0:0.0        1.0:0.0       10:05:23     0.00     4 24.200 :0 1-0-0
   1 = =    0.5:0.5        0.5:0.5       10:12:47     0.00    84 0:0 0-0-1
   2 B 1    1.5:0.5        1.5:0.5       10:17:08     0.00    71 0:0 1-0-1
   3 * *     1.5:0.5        1.5:0.5       10:19:07     0.00    17 0:0 1-0-1
   1 = =    0.5:0.5        0.5:0.5       10:24:27     0.00    35 0:0 0-0-1
   3 B 2    2.5:0.5        1.5:1.5       10:32:29     0.00    61 0:0 1-1-1
   4 = =    3.0:1.0        2.0:2.0       10:37:25     0.00   137 0:0 1-1-2
   5 B 2    4.0:1.0        2.0:3.0       10:41:13     0.00    50 0:0 1-2-2
   6 B 1    5.0:1.0        3.0:3.0       10:44:36     0.00    38 0:0 2-2-2
   7 = =    5.5:1.5        3.5:3.5       10:48:59     0.00    76 0:0 2-2-3
   8 = =    6.0:2.0        4.0:4.0       10:52:50     0.00    52 0:0 2-2-4
   9 B 2    3.0:2.0        4.0:5.0       12:10:57     0.00    80 0:0 2-3-4
  10 B 1    4.0:2.0        5.0:5.0       12:15:14     0.00    72 0:0 3-3-4
  11 = =    2.5:2.5        5.5:5.5       13:03:05     0.00    55 0:0 3-3-5
  12 = =    3.0:3.0        6.0:6.0       13:06:31     0.00    36 0:0 3-3-6
  13 B 2    4.0:3.0        6.0:7.0       13:11:04     0.00    92 0:0 3-4-6
   2 W 2    1.0:0.0        1.0:1.0       14:11:06     0.00    38 0:0 1-1-0
   3 B 2    2.0:0.0        1.0:2.0       14:13:50     0.00    26 0:0 1-2-0
   4 = =    0.5:0.5        1.5:2.5       14:17:37     0.00    40 0:0 1-2-1
   5 = =    1.0:1.0        2.0:3.0       14:30:17     0.00    97 0:0 1-2-2
   6 = =    1.5:1.5        2.5:3.5       14:34:56     0.00   104 0:0 1-2-3
   7 W 1    2.5:1.5        3.5:3.5       14:39:35     0.00   103 0:0 2-2-3
   8 W 2    2.5:1.5        3.5:4.5       14:48:49     0.00    61 0:0 2-3-3
   9 B 2    3.5:1.5        3.5:5.5       14:53:39     0.00   122 0:0 2-4-3
  10 = =    4.0:2.0        4.0:6.0       14:58:22     0.00   110 0:0 2-4-4
   1 = =    0.5:0.5        0.5:0.5       16:06:34     0.00    51 0:0 0-0-1
   2 = =    1.0:1.0        1.0:1.0       16:11:00     0.00    90 0:0 0-0-2
   3 B 2    2.0:1.0        1.0:2.0       16:15:16     0.00    79 0:0 0-1-2
   1 = =    0.5:0.5        0.5:0.5       17:24:24     0.00     4 0:0 0-0-1
   2 * *     0.5:0.5        0.5:0.5       17:25:18     0.00     7 0:0 0-0-1
   1 = =    0.5:0.5        0.5:0.5       18:18:38     0.00     1 0:0 0-0-1
   2 * *     0.5:0.5        0.5:0.5       18:23:15     0.00    95 0:0 0-0-1
   1 = =    0.5:0.5        0.5:0.5       18:25:52     0.00     7 0:0 0-0-1
   2 = =    1.0:1.0        1.0:1.0       18:30:36     0.00   108 0:0 0-0-2
   3 * *     1.0:1.0        1.0:1.0       18:32:46     0.00    19 0:0 0-0-2

--------------------------------------------------------------

Engine-Match Saturday, 23 May 2026 14:51:25
 Tournament Game in 3 Minutes 

Pairing 1/1 :    Oreo1.16.1.10  -  Tscp181

PGN-File: C:\Users\Angad\Documents\Uni\FIT1045\OnTrack Tasks\H\H2\Tournaments\Tournmanet 36 1.16.0.10 vs TSCP181\Game Logs 1.pgn

No:  B/W 1/2     W:B       1:2           Time        Value Moves Dep 1:2       1-2-Draws

--------------------------------------------------------------

Engine-Match Saturday, 23 May 2026 15:00:42
 Tournament Game in 3 Minutes 

Pairing 1/1 :    Oreo1.16.1.10  -  Tscp181

PGN-File: C:\Users\Angad\Documents\Uni\FIT1045\OnTrack Tasks\H\H2\Tournaments\Tournmanet 36 1.16.0.10 vs TSCP181\Game Logs 1.pgn

No:  B/W 1/2     W:B       1:2           Time        Value Moves Dep 1:2       1-2-Draws
